// Jest Snapshot v1, https://goo.gl/fbAQLP

exports[`WeatherCard should render the weather card component 1`] = `
Object {
  "asFragment": [Function],
  "baseElement": <body>
    <div>
      <div
        class="MuiPaper-root MuiPaper-elevation MuiPaper-rounded MuiPaper-elevation1 MuiCard-root css-relic7-MuiPaper-root-MuiCard-root"
        data-testid="weather-card"
      >
        <div
          class="MuiCardContent-root css-46bh2p-MuiCardContent-root"
        >
          <div
            class="MuiStack-root css-k8oxap-MuiStack-root"
          >
            <h5
              class="MuiTypography-root MuiTypography-h5 css-s3e1oj-MuiTypography-root"
            >
              Kharkiv
              , 
              UA
            </h5>
            <div
              class="MuiStack-root css-1q36rmd-MuiStack-root"
            >
              <span
                class="MuiBox-root css-1xhjc5q"
                data-testid="refresh-button"
              >
                <svg
                  aria-hidden="true"
                  class="MuiSvgIcon-root MuiSvgIcon-fontSizeMedium css-i4bv87-MuiSvgIcon-root"
                  data-testid="RefreshRoundedIcon"
                  focusable="false"
                  viewBox="0 0 24 24"
                >
                  <path
                    d="M17.65 6.35c-1.63-1.63-3.94-2.57-6.48-2.31-3.67.37-6.69 3.35-7.1 7.02C3.52 15.91 7.27 20 12 20c3.19 0 5.93-1.87 7.21-4.56.32-.67-.16-1.44-.9-1.44-.37 0-.72.2-.88.53-1.13 2.43-3.84 3.97-6.8 3.31-2.22-.49-4.01-2.3-4.48-4.52C5.31 9.44 8.26 6 12 6c1.66 0 3.14.69 4.22 1.78l-1.51 1.51c-.63.63-.19 1.71.7 1.71H19c.55 0 1-.45 1-1V6.41c0-.89-1.08-1.34-1.71-.71l-.64.65z"
                  />
                </svg>
              </span>
              <div
                class="MuiBox-root css-1xhjc5q"
                data-testid="remove-button"
              >
                <svg
                  aria-hidden="true"
                  class="MuiSvgIcon-root MuiSvgIcon-fontSizeMedium css-i4bv87-MuiSvgIcon-root"
                  data-testid="DeleteForeverRoundedIcon"
                  focusable="false"
                  viewBox="0 0 24 24"
                >
                  <path
                    d="M6 19c0 1.1.9 2 2 2h8c1.1 0 2-.9 2-2V7H6v12zm3.17-6.41a.9959.9959 0 0 1 0-1.41c.39-.39 1.02-.39 1.41 0L12 12.59l1.41-1.41c.39-.39 1.02-.39 1.41 0s.39 1.02 0 1.41L13.41 14l1.41 1.41c.39.39.39 1.02 0 1.41s-1.02.39-1.41 0L12 15.41l-1.41 1.41c-.39.39-1.02.39-1.41 0a.9959.9959 0 0 1 0-1.41L10.59 14l-1.42-1.41zM18 4h-2.5l-.71-.71c-.18-.18-.44-.29-.7-.29H9.91c-.26 0-.52.11-.7.29L8.5 4H6c-.55 0-1 .45-1 1s.45 1 1 1h12c.55 0 1-.45 1-1s-.45-1-1-1z"
                  />
                </svg>
              </div>
            </div>
          </div>
          <div
            class="MuiStack-root css-m9sgp4-MuiStack-root"
          >
            <div
              class="MuiStack-root css-1okj3ks-MuiStack-root"
            >
              <div
                class="MuiStack-root css-jibmk2-MuiStack-root"
              >
                <p
                  class="MuiTypography-root MuiTypography-body2 css-1o1ohr1-MuiTypography-root"
                >
                  Date:
                </p>
                <h6
                  class="MuiTypography-root MuiTypography-subtitle2 css-1scmp52-MuiTypography-root"
                >
                  07/05/21 17:50
                </h6>
              </div>
              <div
                class="MuiStack-root css-jibmk2-MuiStack-root"
              >
                <p
                  class="MuiTypography-root MuiTypography-body2 css-1o1ohr1-MuiTypography-root"
                >
                  Current Temperature:
                </p>
                <h6
                  class="MuiTypography-root MuiTypography-subtitle2 css-1scmp52-MuiTypography-root"
                >
                  20
                   °C
                </h6>
              </div>
              <div
                class="MuiStack-root css-jibmk2-MuiStack-root"
              >
                <p
                  class="MuiTypography-root MuiTypography-body2 css-1o1ohr1-MuiTypography-root"
                >
                   Min. Temperature:
                </p>
                <h6
                  class="MuiTypography-root MuiTypography-subtitle2 css-1scmp52-MuiTypography-root"
                >
                  18
                   °C
                </h6>
              </div>
              <div
                class="MuiStack-root css-jibmk2-MuiStack-root"
              >
                <p
                  class="MuiTypography-root MuiTypography-body2 css-1o1ohr1-MuiTypography-root"
                >
                   Max. Temperature:
                </p>
                <h6
                  class="MuiTypography-root MuiTypography-subtitle2 css-1scmp52-MuiTypography-root"
                >
                  22
                   °C
                </h6>
              </div>
            </div>
            <div
              class="MuiStack-root css-163ljxj-MuiStack-root"
            >
              <h6
                class="MuiTypography-root MuiTypography-subtitle2 css-1ks3vq0-MuiTypography-root"
              >
                clear sky
              </h6>
              <img
                alt="weather picture"
                class="MuiBox-root css-99hf7"
                src="01d.png"
              />
            </div>
          </div>
        </div>
      </div>
      ;
    </div>
  </body>,
  "container": <div>
    <div
      class="MuiPaper-root MuiPaper-elevation MuiPaper-rounded MuiPaper-elevation1 MuiCard-root css-relic7-MuiPaper-root-MuiCard-root"
      data-testid="weather-card"
    >
      <div
        class="MuiCardContent-root css-46bh2p-MuiCardContent-root"
      >
        <div
          class="MuiStack-root css-k8oxap-MuiStack-root"
        >
          <h5
            class="MuiTypography-root MuiTypography-h5 css-s3e1oj-MuiTypography-root"
          >
            Kharkiv
            , 
            UA
          </h5>
          <div
            class="MuiStack-root css-1q36rmd-MuiStack-root"
          >
            <span
              class="MuiBox-root css-1xhjc5q"
              data-testid="refresh-button"
            >
              <svg
                aria-hidden="true"
                class="MuiSvgIcon-root MuiSvgIcon-fontSizeMedium css-i4bv87-MuiSvgIcon-root"
                data-testid="RefreshRoundedIcon"
                focusable="false"
                viewBox="0 0 24 24"
              >
                <path
                  d="M17.65 6.35c-1.63-1.63-3.94-2.57-6.48-2.31-3.67.37-6.69 3.35-7.1 7.02C3.52 15.91 7.27 20 12 20c3.19 0 5.93-1.87 7.21-4.56.32-.67-.16-1.44-.9-1.44-.37 0-.72.2-.88.53-1.13 2.43-3.84 3.97-6.8 3.31-2.22-.49-4.01-2.3-4.48-4.52C5.31 9.44 8.26 6 12 6c1.66 0 3.14.69 4.22 1.78l-1.51 1.51c-.63.63-.19 1.71.7 1.71H19c.55 0 1-.45 1-1V6.41c0-.89-1.08-1.34-1.71-.71l-.64.65z"
                />
              </svg>
            </span>
            <div
              class="MuiBox-root css-1xhjc5q"
              data-testid="remove-button"
            >
              <svg
                aria-hidden="true"
                class="MuiSvgIcon-root MuiSvgIcon-fontSizeMedium css-i4bv87-MuiSvgIcon-root"
                data-testid="DeleteForeverRoundedIcon"
                focusable="false"
                viewBox="0 0 24 24"
              >
                <path
                  d="M6 19c0 1.1.9 2 2 2h8c1.1 0 2-.9 2-2V7H6v12zm3.17-6.41a.9959.9959 0 0 1 0-1.41c.39-.39 1.02-.39 1.41 0L12 12.59l1.41-1.41c.39-.39 1.02-.39 1.41 0s.39 1.02 0 1.41L13.41 14l1.41 1.41c.39.39.39 1.02 0 1.41s-1.02.39-1.41 0L12 15.41l-1.41 1.41c-.39.39-1.02.39-1.41 0a.9959.9959 0 0 1 0-1.41L10.59 14l-1.42-1.41zM18 4h-2.5l-.71-.71c-.18-.18-.44-.29-.7-.29H9.91c-.26 0-.52.11-.7.29L8.5 4H6c-.55 0-1 .45-1 1s.45 1 1 1h12c.55 0 1-.45 1-1s-.45-1-1-1z"
                />
              </svg>
            </div>
          </div>
        </div>
        <div
          class="MuiStack-root css-m9sgp4-MuiStack-root"
        >
          <div
            class="MuiStack-root css-1okj3ks-MuiStack-root"
          >
            <div
              class="MuiStack-root css-jibmk2-MuiStack-root"
            >
              <p
                class="MuiTypography-root MuiTypography-body2 css-1o1ohr1-MuiTypography-root"
              >
                Date:
              </p>
              <h6
                class="MuiTypography-root MuiTypography-subtitle2 css-1scmp52-MuiTypography-root"
              >
                07/05/21 17:50
              </h6>
            </div>
            <div
              class="MuiStack-root css-jibmk2-MuiStack-root"
            >
              <p
                class="MuiTypography-root MuiTypography-body2 css-1o1ohr1-MuiTypography-root"
              >
                Current Temperature:
              </p>
              <h6
                class="MuiTypography-root MuiTypography-subtitle2 css-1scmp52-MuiTypography-root"
              >
                20
                 °C
              </h6>
            </div>
            <div
              class="MuiStack-root css-jibmk2-MuiStack-root"
            >
              <p
                class="MuiTypography-root MuiTypography-body2 css-1o1ohr1-MuiTypography-root"
              >
                 Min. Temperature:
              </p>
              <h6
                class="MuiTypography-root MuiTypography-subtitle2 css-1scmp52-MuiTypography-root"
              >
                18
                 °C
              </h6>
            </div>
            <div
              class="MuiStack-root css-jibmk2-MuiStack-root"
            >
              <p
                class="MuiTypography-root MuiTypography-body2 css-1o1ohr1-MuiTypography-root"
              >
                 Max. Temperature:
              </p>
              <h6
                class="MuiTypography-root MuiTypography-subtitle2 css-1scmp52-MuiTypography-root"
              >
                22
                 °C
              </h6>
            </div>
          </div>
          <div
            class="MuiStack-root css-163ljxj-MuiStack-root"
          >
            <h6
              class="MuiTypography-root MuiTypography-subtitle2 css-1ks3vq0-MuiTypography-root"
            >
              clear sky
            </h6>
            <img
              alt="weather picture"
              class="MuiBox-root css-99hf7"
              src="01d.png"
            />
          </div>
        </div>
      </div>
    </div>
    ;
  </div>,
  "debug": [Function],
  "findAllByAltText": [Function],
  "findAllByDisplayValue": [Function],
  "findAllByLabelText": [Function],
  "findAllByPlaceholderText": [Function],
  "findAllByRole": [Function],
  "findAllByTestId": [Function],
  "findAllByText": [Function],
  "findAllByTitle": [Function],
  "findByAltText": [Function],
  "findByDisplayValue": [Function],
  "findByLabelText": [Function],
  "findByPlaceholderText": [Function],
  "findByRole": [Function],
  "findByTestId": [Function],
  "findByText": [Function],
  "findByTitle": [Function],
  "getAllByAltText": [Function],
  "getAllByDisplayValue": [Function],
  "getAllByLabelText": [Function],
  "getAllByPlaceholderText": [Function],
  "getAllByRole": [Function],
  "getAllByTestId": [Function],
  "getAllByText": [Function],
  "getAllByTitle": [Function],
  "getByAltText": [Function],
  "getByDisplayValue": [Function],
  "getByLabelText": [Function],
  "getByPlaceholderText": [Function],
  "getByRole": [Function],
  "getByTestId": [Function],
  "getByText": [Function],
  "getByTitle": [Function],
  "queryAllByAltText": [Function],
  "queryAllByDisplayValue": [Function],
  "queryAllByLabelText": [Function],
  "queryAllByPlaceholderText": [Function],
  "queryAllByRole": [Function],
  "queryAllByTestId": [Function],
  "queryAllByText": [Function],
  "queryAllByTitle": [Function],
  "queryByAltText": [Function],
  "queryByDisplayValue": [Function],
  "queryByLabelText": [Function],
  "queryByPlaceholderText": [Function],
  "queryByRole": [Function],
  "queryByTestId": [Function],
  "queryByText": [Function],
  "queryByTitle": [Function],
  "rerender": [Function],
  "unmount": [Function],
}
`;
