// Jest Snapshot v1, https://goo.gl/fbAQLP

exports[`Header should render the header 1`] = `
Object {
  "asFragment": [Function],
  "baseElement": <body>
    <div>
      <header
        class="MuiPaper-root MuiPaper-elevation MuiPaper-elevation4 MuiAppBar-root MuiAppBar-colorInherit MuiAppBar-positionStatic css-k30kuk-MuiPaper-root-MuiAppBar-root"
      >
        <div
          class="MuiToolbar-root MuiToolbar-gutters MuiToolbar-regular css-cwgnc7-MuiToolbar-root"
        >
          <div
            class="MuiAutocomplete-root Mui-expanded MuiAutocomplete-fullWidth MuiAutocomplete-hasPopupIcon css-f34qqq-MuiAutocomplete-root"
            data-testid="autocomplete"
          >
            <div
              class="MuiFormControl-root MuiFormControl-fullWidth MuiTextField-root css-wb57ya-MuiFormControl-root-MuiTextField-root"
              data-testid="input"
            >
              <label
                class="MuiFormLabel-root MuiInputLabel-root MuiInputLabel-formControl MuiInputLabel-animated MuiInputLabel-sizeSmall MuiInputLabel-outlined MuiFormLabel-colorPrimary MuiInputLabel-root MuiInputLabel-formControl MuiInputLabel-animated MuiInputLabel-sizeSmall MuiInputLabel-outlined css-6v1fmu-MuiFormLabel-root-MuiInputLabel-root"
                data-shrink="false"
                for=":r0:"
                id=":r0:-label"
              >
                Enter city name
              </label>
              <div
                class="MuiInputBase-root MuiOutlinedInput-root MuiInputBase-colorPrimary MuiInputBase-fullWidth MuiInputBase-formControl MuiInputBase-sizeSmall MuiInputBase-adornedEnd MuiAutocomplete-inputRoot css-182rbj6-MuiInputBase-root-MuiOutlinedInput-root"
              >
                <input
                  aria-autocomplete="list"
                  aria-expanded="false"
                  aria-invalid="false"
                  autocapitalize="none"
                  autocomplete="off"
                  class="MuiInputBase-input MuiOutlinedInput-input MuiInputBase-inputSizeSmall MuiInputBase-inputAdornedEnd MuiAutocomplete-input MuiAutocomplete-inputFocused css-mf0znp-MuiInputBase-input-MuiOutlinedInput-input"
                  id=":r0:"
                  role="combobox"
                  spellcheck="false"
                  type="text"
                  value=""
                />
                <div
                  class="MuiAutocomplete-endAdornment css-1q60rmi-MuiAutocomplete-endAdornment"
                >
                  <button
                    aria-label="Close"
                    class="MuiButtonBase-root MuiIconButton-root MuiIconButton-sizeMedium MuiAutocomplete-popupIndicator MuiAutocomplete-popupIndicatorOpen css-142fjro-MuiButtonBase-root-MuiIconButton-root-MuiAutocomplete-popupIndicator"
                    tabindex="-1"
                    title="Close"
                    type="button"
                  >
                    <svg
                      aria-hidden="true"
                      class="MuiSvgIcon-root MuiSvgIcon-fontSizeMedium css-i4bv87-MuiSvgIcon-root"
                      data-testid="ArrowDropDownIcon"
                      focusable="false"
                      viewBox="0 0 24 24"
                    >
                      <path
                        d="M7 10l5 5 5-5z"
                      />
                    </svg>
                    <span
                      class="MuiTouchRipple-root css-8je8zh-MuiTouchRipple-root"
                    />
                  </button>
                </div>
                <fieldset
                  aria-hidden="true"
                  class="MuiOutlinedInput-notchedOutline css-1d3z3hw-MuiOutlinedInput-notchedOutline"
                >
                  <legend
                    class="css-yjsfm1"
                  >
                    <span>
                      Enter city name
                    </span>
                  </legend>
                </fieldset>
              </div>
            </div>
          </div>
        </div>
      </header>
    </div>
    <div
      class="MuiAutocomplete-popper css-1s5lphu-MuiPopper-root-MuiAutocomplete-popper MuiPopper-root"
      data-popper-escaped=""
      data-popper-placement="bottom"
      data-popper-reference-hidden=""
      role="presentation"
      style="position: absolute; top: 0px; left: 0px; width: 0px; margin: 0px; transform: translate(0px, 0px);"
    >
      <div
        class="MuiPaper-root MuiPaper-elevation MuiPaper-rounded MuiPaper-elevation1 MuiAutocomplete-paper css-nsqo2c-MuiPaper-root-MuiAutocomplete-paper"
      >
        <div
          class="MuiAutocomplete-noOptions css-1fyfb1s-MuiAutocomplete-noOptions"
          role="presentation"
        >
          No options
        </div>
      </div>
    </div>
  </body>,
  "container": <div>
    <header
      class="MuiPaper-root MuiPaper-elevation MuiPaper-elevation4 MuiAppBar-root MuiAppBar-colorInherit MuiAppBar-positionStatic css-k30kuk-MuiPaper-root-MuiAppBar-root"
    >
      <div
        class="MuiToolbar-root MuiToolbar-gutters MuiToolbar-regular css-cwgnc7-MuiToolbar-root"
      >
        <div
          class="MuiAutocomplete-root Mui-expanded MuiAutocomplete-fullWidth MuiAutocomplete-hasPopupIcon css-f34qqq-MuiAutocomplete-root"
          data-testid="autocomplete"
        >
          <div
            class="MuiFormControl-root MuiFormControl-fullWidth MuiTextField-root css-wb57ya-MuiFormControl-root-MuiTextField-root"
            data-testid="input"
          >
            <label
              class="MuiFormLabel-root MuiInputLabel-root MuiInputLabel-formControl MuiInputLabel-animated MuiInputLabel-sizeSmall MuiInputLabel-outlined MuiFormLabel-colorPrimary MuiInputLabel-root MuiInputLabel-formControl MuiInputLabel-animated MuiInputLabel-sizeSmall MuiInputLabel-outlined css-6v1fmu-MuiFormLabel-root-MuiInputLabel-root"
              data-shrink="false"
              for=":r0:"
              id=":r0:-label"
            >
              Enter city name
            </label>
            <div
              class="MuiInputBase-root MuiOutlinedInput-root MuiInputBase-colorPrimary MuiInputBase-fullWidth MuiInputBase-formControl MuiInputBase-sizeSmall MuiInputBase-adornedEnd MuiAutocomplete-inputRoot css-182rbj6-MuiInputBase-root-MuiOutlinedInput-root"
            >
              <input
                aria-autocomplete="list"
                aria-expanded="false"
                aria-invalid="false"
                autocapitalize="none"
                autocomplete="off"
                class="MuiInputBase-input MuiOutlinedInput-input MuiInputBase-inputSizeSmall MuiInputBase-inputAdornedEnd MuiAutocomplete-input MuiAutocomplete-inputFocused css-mf0znp-MuiInputBase-input-MuiOutlinedInput-input"
                id=":r0:"
                role="combobox"
                spellcheck="false"
                type="text"
                value=""
              />
              <div
                class="MuiAutocomplete-endAdornment css-1q60rmi-MuiAutocomplete-endAdornment"
              >
                <button
                  aria-label="Close"
                  class="MuiButtonBase-root MuiIconButton-root MuiIconButton-sizeMedium MuiAutocomplete-popupIndicator MuiAutocomplete-popupIndicatorOpen css-142fjro-MuiButtonBase-root-MuiIconButton-root-MuiAutocomplete-popupIndicator"
                  tabindex="-1"
                  title="Close"
                  type="button"
                >
                  <svg
                    aria-hidden="true"
                    class="MuiSvgIcon-root MuiSvgIcon-fontSizeMedium css-i4bv87-MuiSvgIcon-root"
                    data-testid="ArrowDropDownIcon"
                    focusable="false"
                    viewBox="0 0 24 24"
                  >
                    <path
                      d="M7 10l5 5 5-5z"
                    />
                  </svg>
                  <span
                    class="MuiTouchRipple-root css-8je8zh-MuiTouchRipple-root"
                  />
                </button>
              </div>
              <fieldset
                aria-hidden="true"
                class="MuiOutlinedInput-notchedOutline css-1d3z3hw-MuiOutlinedInput-notchedOutline"
              >
                <legend
                  class="css-yjsfm1"
                >
                  <span>
                    Enter city name
                  </span>
                </legend>
              </fieldset>
            </div>
          </div>
        </div>
      </div>
    </header>
  </div>,
  "debug": [Function],
  "findAllByAltText": [Function],
  "findAllByDisplayValue": [Function],
  "findAllByLabelText": [Function],
  "findAllByPlaceholderText": [Function],
  "findAllByRole": [Function],
  "findAllByTestId": [Function],
  "findAllByText": [Function],
  "findAllByTitle": [Function],
  "findByAltText": [Function],
  "findByDisplayValue": [Function],
  "findByLabelText": [Function],
  "findByPlaceholderText": [Function],
  "findByRole": [Function],
  "findByTestId": [Function],
  "findByText": [Function],
  "findByTitle": [Function],
  "getAllByAltText": [Function],
  "getAllByDisplayValue": [Function],
  "getAllByLabelText": [Function],
  "getAllByPlaceholderText": [Function],
  "getAllByRole": [Function],
  "getAllByTestId": [Function],
  "getAllByText": [Function],
  "getAllByTitle": [Function],
  "getByAltText": [Function],
  "getByDisplayValue": [Function],
  "getByLabelText": [Function],
  "getByPlaceholderText": [Function],
  "getByRole": [Function],
  "getByTestId": [Function],
  "getByText": [Function],
  "getByTitle": [Function],
  "queryAllByAltText": [Function],
  "queryAllByDisplayValue": [Function],
  "queryAllByLabelText": [Function],
  "queryAllByPlaceholderText": [Function],
  "queryAllByRole": [Function],
  "queryAllByTestId": [Function],
  "queryAllByText": [Function],
  "queryAllByTitle": [Function],
  "queryByAltText": [Function],
  "queryByDisplayValue": [Function],
  "queryByLabelText": [Function],
  "queryByPlaceholderText": [Function],
  "queryByRole": [Function],
  "queryByTestId": [Function],
  "queryByText": [Function],
  "queryByTitle": [Function],
  "rerender": [Function],
  "unmount": [Function],
}
`;
